[2026-03-06T21:55:29+0530] [BACKEND] 
[2026-03-06T21:55:29+0530] [BACKEND] 
[2026-03-06T21:55:29+0530] [BACKEND] [INFO] BUILD FAILURE
[2026-03-06T21:55:29+0530] [BACKEND] [INFO] BUILD FAILURE
[2026-03-06T21:55:29+0530] [BACKEND] 
[2026-03-06T21:55:29+0530] [BACKEND] 
[2026-03-06T21:55:29+0530] [BACKEND] [INFO] ------------------------------------------------------------------------
[2026-03-06T21:55:29+0530] [BACKEND] [INFO] ------------------------------------------------------------------------
[2026-03-06T21:55:29+0530] [BACKEND] [INFO] BUILD FAILURE
[2026-03-06T21:55:29+0530] [BACKEND] [INFO] BUILD FAILURE
[2026-03-06T21:55:29+0530] [BACKEND] [INFO] ------------------------------------------------------------------------
[2026-03-06T21:55:29+0530] [BACKEND] [INFO] ------------------------------------------------------------------------
[2026-03-06T21:55:29+0530] [BACKEND] 
[2026-03-06T21:55:29+0530] [BACKEND] 
[2026-03-06T21:55:29+0530] [BACKEND] 
[2026-03-06T21:55:29+0530] [BACKEND] 
[2026-03-06T21:55:29+0530] [BACKEND] 
[2026-03-06T21:55:29+0530] [BACKEND] [INFO] BUILD FAILURE
[2026-03-06T21:55:29+0530] [BACKEND] [INFO] BUILD FAILURE
[2026-03-06T21:55:29+0530] [BACKEND] [INFO] BUILD FAILURE
[2026-03-06T21:55:29+0530] [BACKEND] 
[2026-03-06T21:55:29+0530] [BACKEND] 
[2026-03-06T21:55:29+0530] [BACKEND] 
[2026-03-06T21:55:29+0530] [BACKEND] [INFO] ------------------------------------------------------------------------
[2026-03-06T21:55:29+0530] [BACKEND] 
[2026-03-06T21:55:29+0530] [BACKEND] 
[2026-03-06T21:55:29+0530] [BACKEND] [INFO] BUILD FAILURE
[2026-03-06T21:55:29+0530] [BACKEND] 
[2026-03-06T21:55:29+0530] [BACKEND] 
[2026-03-06T21:55:29+0530] [BACKEND] 
[2026-03-06T21:55:29+0530] [BACKEND] 
[2026-03-06T21:55:29+0530] [BACKEND] [INFO] BUILD FAILURE
[2026-03-06T21:55:29+0530] [BACKEND] 
[2026-03-06T21:55:29+0530] [BACKEND] 
[2026-03-06T21:55:29+0530] [BACKEND] [INFO] BUILD FAILURE
[2026-03-06T21:55:29+0530] [BACKEND] 
[2026-03-06T21:55:29+0530] [BACKEND] [INFO] BUILD FAILURE
[2026-03-06T21:55:29+0530] [BACKEND] [INFO] ------------------------------------------------------------------------
[2026-03-06T21:55:29+0530] [BACKEND] [INFO] BUILD FAILURE
[2026-03-06T21:55:29+0530] [BACKEND] 
[2026-03-06T21:55:29+0530] [BACKEND] 
[2026-03-06T21:55:29+0530] [BACKEND] 
[2026-03-06T21:55:29+0530] [BACKEND] 
[2026-03-06T21:55:29+0530] [BACKEND] [INFO] ------------------------------------------------------------------------
[2026-03-06T21:55:29+0530] [BACKEND] [INFO] ------------------------------------------------------------------------
[2026-03-06T21:55:29+0530] [BACKEND] [INFO] ------------------------------------------------------------------------
[2026-03-06T21:55:29+0530] [BACKEND] [INFO] ------------------------------------------------------------------------
[2026-03-06T21:55:29+0530] [BACKEND] 
[2026-03-06T21:55:29+0530] [BACKEND] 
[2026-03-06T21:55:29+0530] [BACKEND] 
[2026-03-06T21:55:29+0530] [BACKEND] 
[2026-03-06T21:55:29+0530] [BACKEND] [INFO] BUILD FAILURE
[2026-03-06T21:55:29+0530] [BACKEND] 
[2026-03-06T21:55:29+0530] [BACKEND] 
[2026-03-06T21:55:29+0530] [BACKEND] [INFO] ------------------------------------------------------------------------
[2026-03-06T21:55:29+0530] [BACKEND] [INFO] ------------------------------------------------------------------------
[2026-03-06T21:55:29+0530] [BACKEND] 
[2026-03-06T21:55:29+0530] [BACKEND] [INFO] BUILD FAILURE
[2026-03-06T21:55:29+0530] [BACKEND] [INFO] BUILD FAILURE
[2026-03-06T21:55:29+0530] [BACKEND] [INFO] BUILD FAILURE
[2026-03-06T21:55:29+0530] [BACKEND] [INFO] ------------------------------------------------------------------------
[2026-03-06T21:55:29+0530] [BACKEND] [INFO] BUILD FAILURE
[2026-03-06T21:55:29+0530] [BACKEND] [INFO] ------------------------------------------------------------------------
[2026-03-06T21:55:29+0530] [BACKEND] [INFO] ------------------------------------------------------------------------
[2026-03-06T21:55:29+0530] [BACKEND] [INFO] BUILD FAILURE
[2026-03-06T21:55:29+0530] [BACKEND] [INFO] BUILD FAILURE
[2026-03-06T21:55:29+0530] [BACKEND] [INFO] BUILD FAILURE
[2026-03-06T21:55:29+0530] [BACKEND] [INFO] BUILD FAILURE
[2026-03-06T21:55:29+0530] [BACKEND] [INFO] BUILD FAILURE
[2026-03-06T21:55:29+0530] [BACKEND] [INFO] BUILD FAILURE
[2026-03-06T21:55:29+0530] [BACKEND] [INFO] BUILD FAILURE
[2026-03-06T21:55:29+0530] [BACKEND] [INFO] BUILD FAILURE
[2026-03-06T21:55:29+0530] [BACKEND] [INFO] BUILD FAILURE
[2026-03-06T21:55:29+0530] [BACKEND] [INFO] BUILD FAILURE
[2026-03-06T21:55:29+0530] [BACKEND] [INFO] BUILD FAILURE
[2026-03-06T21:55:29+0530] [BACKEND] [INFO] BUILD FAILURE
[2026-03-06T21:55:29+0530] [BACKEND] [INFO] BUILD FAILURE
[2026-03-06T21:55:29+0530] [BACKEND] [INFO] ------------------------------------------------------------------------
[2026-03-06T21:55:29+0530] [BACKEND] [INFO] BUILD FAILURE
[2026-03-06T21:55:29+0530] [BACKEND] [INFO] ------------------------------------------------------------------------
[2026-03-06T21:55:29+0530] [BACKEND] [INFO] BUILD FAILURE
[2026-03-06T21:55:29+0530] [BACKEND] [INFO] ------------------------------------------------------------------------
[2026-03-06T21:55:29+0530] [BACKEND] [INFO] ------------------------------------------------------------------------
[2026-03-06T21:55:29+0530] [BACKEND] [INFO] ------------------------------------------------------------------------
[2026-03-06T21:55:29+0530] [BACKEND] [INFO] ------------------------------------------------------------------------
[2026-03-06T21:55:29+0530] [BACKEND] 
[2026-03-06T21:55:29+0530] [BACKEND] [INFO] ------------------------------------------------------------------------
[2026-03-06T21:55:29+0530] [BACKEND] [INFO] ------------------------------------------------------------------------
[2026-03-06T21:55:29+0530] [BACKEND] [INFO] ------------------------------------------------------------------------
[2026-03-06T21:55:29+0530] [BACKEND] [INFO] ------------------------------------------------------------------------
[2026-03-06T21:55:29+0530] [BACKEND] [INFO] ------------------------------------------------------------------------
[2026-03-06T21:55:29+0530] [BACKEND] [INFO] ------------------------------------------------------------------------
[2026-03-06T21:55:29+0530] [BACKEND] [INFO] ------------------------------------------------------------------------
[2026-03-06T21:55:29+0530] [BACKEND] [INFO] ------------------------------------------------------------------------
[2026-03-06T21:55:29+0530] [BACKEND] [INFO] ------------------------------------------------------------------------
[2026-03-06T21:55:29+0530] [BACKEND] [INFO] ------------------------------------------------------------------------
[2026-03-06T21:55:29+0530] [BACKEND] [INFO] ------------------------------------------------------------------------
[2026-03-06T21:55:29+0530] [BACKEND] [INFO] Total time:  05:33 min
[2026-03-06T21:55:29+0530] [BACKEND] [INFO] Total time:  05:33 min
[2026-03-06T21:55:29+0530] [BACKEND] [INFO] Total time:  05:33 min
[2026-03-06T21:55:29+0530] [BACKEND] [INFO] Total time:  05:33 min
[2026-03-06T21:55:29+0530] [BACKEND] [INFO] Total time:  05:33 min
[2026-03-06T21:55:29+0530] [BACKEND] [INFO] Total time:  05:33 min
[2026-03-06T21:55:29+0530] [BACKEND] [INFO] Total time:  05:33 min
[2026-03-06T21:55:29+0530] [BACKEND] [INFO] Total time:  05:33 min
[2026-03-06T21:55:29+0530] [BACKEND] [INFO] Total time:  05:33 min
[2026-03-06T21:55:29+0530] [BACKEND] [INFO] Finished at: 2026-03-06T21:55:29+05:30
[2026-03-06T21:55:29+0530] [BACKEND] [INFO] Finished at: 2026-03-06T21:55:29+05:30
[2026-03-06T21:55:29+0530] [BACKEND] [INFO] Finished at: 2026-03-06T21:55:29+05:30
[2026-03-06T21:55:29+0530] [BACKEND] [INFO] Finished at: 2026-03-06T21:55:29+05:30
[2026-03-06T21:55:29+0530] [BACKEND] [INFO] Finished at: 2026-03-06T21:55:29+05:30
[2026-03-06T21:55:29+0530] [BACKEND] [INFO] Total time:  05:33 min
[2026-03-06T21:55:29+0530] [BACKEND] [INFO] Total time:  05:33 min
[2026-03-06T21:55:29+0530] [BACKEND] [INFO] Finished at: 2026-03-06T21:55:29+05:30
[2026-03-06T21:55:29+0530] [BACKEND] [INFO] Finished at: 2026-03-06T21:55:29+05:30
[2026-03-06T21:55:29+0530] [BACKEND] [INFO] Finished at: 2026-03-06T21:55:29+05:30
[2026-03-06T21:55:29+0530] [BACKEND] [INFO] Finished at: 2026-03-06T21:55:29+05:30
[2026-03-06T21:55:29+0530] [BACKEND] [INFO] BUILD FAILURE
[2026-03-06T21:55:29+0530] [BACKEND] [INFO] Total time:  05:33 min
[2026-03-06T21:55:29+0530] [BACKEND] [INFO] Finished at: 2026-03-06T21:55:29+05:30
[2026-03-06T21:55:29+0530] [BACKEND] [INFO] Finished at: 2026-03-06T21:55:29+05:30
[2026-03-06T21:55:29+0530] [BACKEND] [INFO] ------------------------------------------------------------------------
[2026-03-06T21:55:29+0530] [BACKEND] [INFO] ------------------------------------------------------------------------
[2026-03-06T21:55:29+0530] [BACKEND] [INFO] ------------------------------------------------------------------------
[2026-03-06T21:55:29+0530] [BACKEND] [INFO] Total time:  05:33 min
[2026-03-06T21:55:29+0530] [BACKEND] [INFO] ------------------------------------------------------------------------
[2026-03-06T21:55:29+0530] [BACKEND] [INFO] ------------------------------------------------------------------------
[2026-03-06T21:55:29+0530] [BACKEND] [INFO] ------------------------------------------------------------------------
[2026-03-06T21:55:29+0530] [BACKEND] [INFO] Total time:  05:33 min
[2026-03-06T21:55:29+0530] [BACKEND] [INFO] Total time:  05:33 min
[2026-03-06T21:55:29+0530] [BACKEND] [INFO] Finished at: 2026-03-06T21:55:29+05:30
[2026-03-06T21:55:29+0530] [BACKEND] [INFO] ------------------------------------------------------------------------
[2026-03-06T21:55:29+0530] [BACKEND] [INFO] ------------------------------------------------------------------------
[2026-03-06T21:55:29+0530] [BACKEND] [INFO] ------------------------------------------------------------------------
[2026-03-06T21:55:29+0530] [BACKEND] [INFO] ------------------------------------------------------------------------
[2026-03-06T21:55:29+0530] [BACKEND] [INFO] Finished at: 2026-03-06T21:55:29+05:30
[2026-03-06T21:55:29+0530] [BACKEND] [INFO] Finished at: 2026-03-06T21:55:29+05:30
[2026-03-06T21:55:29+0530] [BACKEND] [INFO] Finished at: 2026-03-06T21:55:29+05:30
[2026-03-06T21:55:29+0530] [BACKEND] [INFO] ------------------------------------------------------------------------
[2026-03-06T21:55:29+0530] [BACKEND] [INFO] Total time:  05:33 min
[2026-03-06T21:55:29+0530] [BACKEND] [INFO] ------------------------------------------------------------------------
[2026-03-06T21:55:29+0530] [BACKEND] [INFO] Total time:  05:33 min
[2026-03-06T21:55:29+0530] [BACKEND] [INFO] ------------------------------------------------------------------------
[2026-03-06T21:55:29+0530] [BACKEND] [INFO] ------------------------------------------------------------------------
[2026-03-06T21:55:29+0530] [BACKEND] [INFO] Total time:  05:33 min
[2026-03-06T21:55:29+0530] [BACKEND] [ERROR] Failed to execute goal org.springframework.boot:spring-boot-maven-plugin:3.3.0:run (default-cli) on project powergrid-forecasting: Process terminated with exit code: 137 -> [Help 1]
[2026-03-06T21:55:29+0530] [BACKEND] [ERROR] Failed to execute goal org.springframework.boot:spring-boot-maven-plugin:3.3.0:run (default-cli) on project powergrid-forecasting: Process terminated with exit code: 137 -> [Help 1]
[2026-03-06T21:55:29+0530] [BACKEND] [ERROR] Failed to execute goal org.springframework.boot:spring-boot-maven-plugin:3.3.0:run (default-cli) on project powergrid-forecasting: Process terminated with exit code: 137 -> [Help 1]
[2026-03-06T21:55:29+0530] [BACKEND] [ERROR] Failed to execute goal org.springframework.boot:spring-boot-maven-plugin:3.3.0:run (default-cli) on project powergrid-forecasting: Process terminated with exit code: 137 -> [Help 1]
[2026-03-06T21:55:29+0530] [BACKEND] [ERROR] Failed to execute goal org.springframework.boot:spring-boot-maven-plugin:3.3.0:run (default-cli) on project powergrid-forecasting: Process terminated with exit code: 137 -> [Help 1]
[2026-03-06T21:55:29+0530] [BACKEND] [ERROR] Failed to execute goal org.springframework.boot:spring-boot-maven-plugin:3.3.0:run (default-cli) on project powergrid-forecasting: Process terminated with exit code: 137 -> [Help 1]
[2026-03-06T21:55:29+0530] [BACKEND] [ERROR] 
[2026-03-06T21:55:29+0530] [BACKEND] [INFO] Total time:  05:33 min
[2026-03-06T21:55:29+0530] [BACKEND] [ERROR] Failed to execute goal org.springframework.boot:spring-boot-maven-plugin:3.3.0:run (default-cli) on project powergrid-forecasting: Process terminated with exit code: 137 -> [Help 1]
[2026-03-06T21:55:29+0530] [BACKEND] [ERROR] 
[2026-03-06T21:55:29+0530] [BACKEND] [INFO] Total time:  05:33 min
[2026-03-06T21:55:29+0530] [BACKEND] [ERROR] 
[2026-03-06T21:55:29+0530] [BACKEND] [INFO] Total time:  05:33 min
[2026-03-06T21:55:29+0530] [BACKEND] [INFO] Total time:  05:33 min
[2026-03-06T21:55:29+0530] [BACKEND] [INFO] Total time:  05:33 min
[2026-03-06T21:55:29+0530] [BACKEND] [ERROR] 
[2026-03-06T21:55:29+0530] [BACKEND] [ERROR] To see the full stack trace of the errors, re-run Maven with the -e switch.
[2026-03-06T21:55:29+0530] [BACKEND] [ERROR] Failed to execute goal org.springframework.boot:spring-boot-maven-plugin:3.3.0:run (default-cli) on project powergrid-forecasting: Process terminated with exit code: 137 -> [Help 1]
[2026-03-06T21:55:29+0530] [BACKEND] [ERROR] Failed to execute goal org.springframework.boot:spring-boot-maven-plugin:3.3.0:run (default-cli) on project powergrid-forecasting: Process terminated with exit code: 137 -> [Help 1]
[2026-03-06T21:55:29+0530] [BACKEND] [ERROR] To see the full stack trace of the errors, re-run Maven with the -e switch.
[2026-03-06T21:55:29+0530] [BACKEND] [INFO] ------------------------------------------------------------------------
[2026-03-06T21:55:29+0530] [BACKEND] [ERROR] Re-run Maven using the -X switch to enable full debug logging.
[2026-03-06T21:55:29+0530] [BACKEND] [ERROR] To see the full stack trace of the errors, re-run Maven with the -e switch.
[2026-03-06T21:55:29+0530] [BACKEND] [ERROR] To see the full stack trace of the errors, re-run Maven with the -e switch.
[2026-03-06T21:55:29+0530] [BACKEND] [ERROR] 
[2026-03-06T21:55:29+0530] [BACKEND] [ERROR] Re-run Maven using the -X switch to enable full debug logging.
[2026-03-06T21:55:30+0530] [BACKEND] [ERROR] Re-run Maven using the -X switch to enable full debug logging.
[2026-03-06T21:55:30+0530] [BACKEND] [ERROR] Re-run Maven using the -X switch to enable full debug logging.
[2026-03-06T21:55:29+0530] [BACKEND] [INFO] Total time:  05:33 min
[2026-03-06T21:55:30+0530] [BACKEND] [ERROR] 
[2026-03-06T21:55:29+0530] [BACKEND] [ERROR] Failed to execute goal org.springframework.boot:spring-boot-maven-plugin:3.3.0:run (default-cli) on project powergrid-forecasting: Process terminated with exit code: 137 -> [Help 1]
[2026-03-06T21:55:30+0530] [BACKEND] [ERROR] 
[2026-03-06T21:55:30+0530] [BACKEND] [ERROR] 
[2026-03-06T21:55:30+0530] [BACKEND] [ERROR] 
[2026-03-06T21:55:30+0530] [BACKEND] [ERROR] 
[2026-03-06T21:55:30+0530] [BACKEND] [ERROR] 
[2026-03-06T21:55:30+0530] [BACKEND] [ERROR] For more information about the errors and possible solutions, please read the following articles:
[2026-03-06T21:55:30+0530] [BACKEND] [ERROR] 
[2026-03-06T21:55:29+0530] [BACKEND] [INFO] Total time:  05:33 min
[2026-03-06T21:55:29+0530] [BACKEND] [INFO] Total time:  05:33 min
[2026-03-06T21:55:30+0530] [BACKEND] [ERROR] For more information about the errors and possible solutions, please read the following articles:
[2026-03-06T21:55:30+0530] [BACKEND] [ERROR] To see the full stack trace of the errors, re-run Maven with the -e switch.
[2026-03-06T21:55:29+0530] [BACKEND] [INFO] Total time:  05:33 min
[2026-03-06T21:55:30+0530] [BACKEND] [ERROR] For more information about the errors and possible solutions, please read the following articles:
[2026-03-06T21:55:30+0530] [BACKEND] [ERROR] For more information about the errors and possible solutions, please read the following articles:
[2026-03-06T21:55:30+0530] [BACKEND] [ERROR] [Help 1] http://cwiki.apache.org/confluence/display/MAVEN/MojoExecutionException
[2026-03-06T21:55:30+0530] [BACKEND] [ERROR] To see the full stack trace of the errors, re-run Maven with the -e switch.
[2026-03-06T21:55:30+0530] [BACKEND] [ERROR] To see the full stack trace of the errors, re-run Maven with the -e switch.
[2026-03-06T21:55:30+0530] [BACKEND] [ERROR] [Help 1] http://cwiki.apache.org/confluence/display/MAVEN/MojoExecutionException
[2026-03-06T21:55:30+0530] [BACKEND] [ERROR] To see the full stack trace of the errors, re-run Maven with the -e switch.
[2026-03-06T21:55:29+0530] [BACKEND] [INFO] Total time:  05:33 min
[2026-03-06T21:55:30+0530] [BACKEND] [ERROR] [Help 1] http://cwiki.apache.org/confluence/display/MAVEN/MojoExecutionException
[2026-03-06T21:55:30+0530] [BACKEND] [ERROR] [Help 1] http://cwiki.apache.org/confluence/display/MAVEN/MojoExecutionException
[2026-03-06T21:55:29+0530] [BACKEND] [ERROR] Failed to execute goal org.springframework.boot:spring-boot-maven-plugin:3.3.0:run (default-cli) on project powergrid-forecasting: Process terminated with exit code: 137 -> [Help 1]
[2026-03-06T21:55:30+0530] [BACKEND] [ERROR] Re-run Maven using the -X switch to enable full debug logging.
[2026-03-06T21:55:30+0530] [BACKEND] [ERROR] Re-run Maven using the -X switch to enable full debug logging.
[2026-03-06T21:55:30+0530] [BACKEND] [ERROR] Re-run Maven using the -X switch to enable full debug logging.
[2026-03-06T21:55:30+0530] [BACKEND] [ERROR] 
[2026-03-06T21:55:30+0530] [BACKEND] [INFO] Total time:  05:33 min
[2026-03-06T21:55:30+0530] [BACKEND] [ERROR] Re-run Maven using the -X switch to enable full debug logging.
[2026-03-06T21:55:30+0530] [BACKEND] [ERROR] 
[2026-03-06T21:55:30+0530] [BACKEND] [ERROR] 
[2026-03-06T21:55:30+0530] [BACKEND] [ERROR] 
[2026-03-06T21:55:30+0530] [BACKEND] [INFO] ------------------------------------------------------------------------
[2026-03-06T21:55:30+0530] [BACKEND] [ERROR] Failed to execute goal org.springframework.boot:spring-boot-maven-plugin:3.3.0:run (default-cli) on project powergrid-forecasting: Process terminated with exit code: 137 -> [Help 1]
[2026-03-06T21:55:30+0530] [BACKEND] [ERROR] Failed to execute goal org.springframework.boot:spring-boot-maven-plugin:3.3.0:run (default-cli) on project powergrid-forecasting: Process terminated with exit code: 137 -> [Help 1]
[2026-03-06T21:55:30+0530] [BACKEND] [ERROR] 
[2026-03-06T21:55:30+0530] [BACKEND] [INFO] Finished at: 2026-03-06T21:55:29+05:30
[2026-03-06T21:55:30+0530] [BACKEND] [ERROR] Failed to execute goal org.springframework.boot:spring-boot-maven-plugin:3.3.0:run (default-cli) on project powergrid-forecasting: Process terminated with exit code: 137 -> [Help 1]
[2026-03-06T21:55:30+0530] [BACKEND] [ERROR] 
[2026-03-06T21:55:30+0530] [BACKEND] [ERROR] 
[2026-03-06T21:55:30+0530] [BACKEND] [INFO] Total time:  05:33 min
[2026-03-06T21:55:30+0530] [BACKEND] [ERROR] For more information about the errors and possible solutions, please read the following articles:
[2026-03-06T21:55:30+0530] [BACKEND] [ERROR] For more information about the errors and possible solutions, please read the following articles:
[2026-03-06T21:55:30+0530] [BACKEND] [ERROR] To see the full stack trace of the errors, re-run Maven with the -e switch.
[2026-03-06T21:55:30+0530] [BACKEND] [INFO] Total time:  05:33 min
[2026-03-06T21:55:30+0530] [BACKEND] [ERROR] For more information about the errors and possible solutions, please read the following articles:
[2026-03-06T21:55:30+0530] [BACKEND] [ERROR] To see the full stack trace of the errors, re-run Maven with the -e switch.
[2026-03-06T21:55:30+0530] [BACKEND] [ERROR] To see the full stack trace of the errors, re-run Maven with the -e switch.
[2026-03-06T21:55:30+0530] [BACKEND] [ERROR] For more information about the errors and possible solutions, please read the following articles:
[2026-03-06T21:55:30+0530] [BACKEND] [ERROR] [Help 1] http://cwiki.apache.org/confluence/display/MAVEN/MojoExecutionException
[2026-03-06T21:55:30+0530] [BACKEND] [ERROR] [Help 1] http://cwiki.apache.org/confluence/display/MAVEN/MojoExecutionException
[2026-03-06T21:55:30+0530] [BACKEND] [INFO] Finished at: 2026-03-06T21:55:29+05:30
[2026-03-06T21:55:30+0530] [BACKEND] [INFO] Finished at: 2026-03-06T21:55:29+05:30
[2026-03-06T21:55:30+0530] [BACKEND] [INFO] Finished at: 2026-03-06T21:55:29+05:30
[2026-03-06T21:55:30+0530] [BACKEND] [ERROR] Failed to execute goal org.springframework.boot:spring-boot-maven-plugin:3.3.0:run (default-cli) on project powergrid-forecasting: Process terminated with exit code: 137 -> [Help 1]
[2026-03-06T21:55:30+0530] [BACKEND] [INFO] Finished at: 2026-03-06T21:55:29+05:30
[2026-03-06T21:55:30+0530] [BACKEND] [ERROR] 
[2026-03-06T21:55:30+0530] [BACKEND] [INFO] Total time:  05:33 min
[2026-03-06T21:55:30+0530] [BACKEND] [ERROR] Re-run Maven using the -X switch to enable full debug logging.
[2026-03-06T21:55:30+0530] [BACKEND] [INFO] Total time:  05:33 min
[2026-03-06T21:55:30+0530] [BACKEND] [ERROR] 
[2026-03-06T21:55:30+0530] [BACKEND] [ERROR] 
[2026-03-06T21:55:30+0530] [BACKEND] [ERROR] 
[2026-03-06T21:55:30+0530] [BACKEND] [INFO] Finished at: 2026-03-06T21:55:29+05:30
[2026-03-06T21:55:30+0530] [BACKEND] [INFO] Finished at: 2026-03-06T21:55:29+05:30
[2026-03-06T21:55:30+0530] [BACKEND] [ERROR] [Help 1] http://cwiki.apache.org/confluence/display/MAVEN/MojoExecutionException
[2026-03-06T21:55:30+0530] [BACKEND] [ERROR] 
[2026-03-06T21:55:30+0530] [BACKEND] [ERROR] To see the full stack trace of the errors, re-run Maven with the -e switch.
[2026-03-06T21:55:30+0530] [BACKEND] [ERROR] Re-run Maven using the -X switch to enable full debug logging.
[2026-03-06T21:55:30+0530] [BACKEND] [ERROR] [Help 1] http://cwiki.apache.org/confluence/display/MAVEN/MojoExecutionException
[2026-03-06T21:55:30+0530] [BACKEND] [INFO] Finished at: 2026-03-06T21:55:29+05:30
[2026-03-06T21:55:30+0530] [BACKEND] [ERROR] To see the full stack trace of the errors, re-run Maven with the -e switch.
[2026-03-06T21:55:30+0530] [BACKEND] [ERROR] For more information about the errors and possible solutions, please read the following articles:
[2026-03-06T21:55:30+0530] [BACKEND] [ERROR] Re-run Maven using the -X switch to enable full debug logging.
[2026-03-06T21:55:30+0530] [BACKEND] [ERROR] To see the full stack trace of the errors, re-run Maven with the -e switch.
[2026-03-06T21:55:30+0530] [BACKEND] [ERROR] To see the full stack trace of the errors, re-run Maven with the -e switch.
[2026-03-06T21:55:30+0530] [BACKEND] [INFO] Finished at: 2026-03-06T21:55:29+05:30
[2026-03-06T21:55:30+0530] [BACKEND] [ERROR] 
[2026-03-06T21:55:30+0530] [BACKEND] [ERROR] [Help 1] http://cwiki.apache.org/confluence/display/MAVEN/MojoExecutionException
[2026-03-06T21:55:30+0530] [BACKEND] [INFO] Finished at: 2026-03-06T21:55:29+05:30
[2026-03-06T21:55:30+0530] [BACKEND] [ERROR] Re-run Maven using the -X switch to enable full debug logging.
[2026-03-06T21:55:30+0530] [BACKEND] [INFO] Finished at: 2026-03-06T21:55:29+05:30
[2026-03-06T21:55:30+0530] [BACKEND] [ERROR] 
[2026-03-06T21:55:30+0530] [BACKEND] [INFO] Finished at: 2026-03-06T21:55:29+05:30
[2026-03-06T21:55:30+0530] [BACKEND] [INFO] Finished at: 2026-03-06T21:55:29+05:30
[2026-03-06T21:55:30+0530] [BACKEND] [INFO] Finished at: 2026-03-06T21:55:29+05:30
[2026-03-06T21:55:30+0530] [BACKEND] [INFO] Finished at: 2026-03-06T21:55:29+05:30
[2026-03-06T21:55:30+0530] [BACKEND] [ERROR] Re-run Maven using the -X switch to enable full debug logging.
[2026-03-06T21:55:30+0530] [BACKEND] [ERROR] For more information about the errors and possible solutions, please read the following articles:
[2026-03-06T21:55:30+0530] [BACKEND] [ERROR] For more information about the errors and possible solutions, please read the following articles:
[2026-03-06T21:55:30+0530] [BACKEND] [INFO] ------------------------------------------------------------------------
[2026-03-06T21:55:30+0530] [BACKEND] [INFO] ------------------------------------------------------------------------
[2026-03-06T21:55:30+0530] [BACKEND] [ERROR] 
[2026-03-06T21:55:30+0530] [BACKEND] [ERROR] [Help 1] http://cwiki.apache.org/confluence/display/MAVEN/MojoExecutionException
[2026-03-06T21:55:30+0530] [BACKEND] [ERROR] 
[2026-03-06T21:55:30+0530] [BACKEND] [ERROR] Re-run Maven using the -X switch to enable full debug logging.
[2026-03-06T21:55:30+0530] [BACKEND] [ERROR] [Help 1] http://cwiki.apache.org/confluence/display/MAVEN/MojoExecutionException
[2026-03-06T21:55:30+0530] [BACKEND] [INFO] Finished at: 2026-03-06T21:55:29+05:30
[2026-03-06T21:55:30+0530] [BACKEND] [ERROR] Re-run Maven using the -X switch to enable full debug logging.
[2026-03-06T21:55:30+0530] [BACKEND] [ERROR] For more information about the errors and possible solutions, please read the following articles:
[2026-03-06T21:55:30+0530] [BACKEND] [INFO] ------------------------------------------------------------------------
[2026-03-06T21:55:30+0530] [BACKEND] [ERROR] 
[2026-03-06T21:55:30+0530] [BACKEND] [ERROR] For more information about the errors and possible solutions, please read the following articles:
[2026-03-06T21:55:30+0530] [BACKEND] [INFO] ------------------------------------------------------------------------
[2026-03-06T21:55:30+0530] [BACKEND] [ERROR] 
[2026-03-06T21:55:30+0530] [BACKEND] [INFO] Finished at: 2026-03-06T21:55:29+05:30
[2026-03-06T21:55:30+0530] [BACKEND] [ERROR] [Help 1] http://cwiki.apache.org/confluence/display/MAVEN/MojoExecutionException
[2026-03-06T21:55:30+0530] [BACKEND] [INFO] ------------------------------------------------------------------------
[2026-03-06T21:55:30+0530] [BACKEND] [ERROR] [Help 1] http://cwiki.apache.org/confluence/display/MAVEN/MojoExecutionException
[2026-03-06T21:55:30+0530] [BACKEND] [ERROR] For more information about the errors and possible solutions, please read the following articles:
[2026-03-06T21:55:30+0530] [BACKEND] [INFO] ------------------------------------------------------------------------
[2026-03-06T21:55:30+0530] [BACKEND] [ERROR] For more information about the errors and possible solutions, please read the following articles:
[2026-03-06T21:55:30+0530] [BACKEND] [INFO] ------------------------------------------------------------------------
[2026-03-06T21:55:30+0530] [BACKEND] [ERROR] [Help 1] http://cwiki.apache.org/confluence/display/MAVEN/MojoExecutionException
[2026-03-06T21:55:30+0530] [BACKEND] [INFO] ------------------------------------------------------------------------
[2026-03-06T21:55:30+0530] [BACKEND] [INFO] ------------------------------------------------------------------------
[2026-03-06T21:55:30+0530] [BACKEND] [INFO] Finished at: 2026-03-06T21:55:29+05:30
[2026-03-06T21:55:30+0530] [BACKEND] [INFO] ------------------------------------------------------------------------
[2026-03-06T21:55:30+0530] [BACKEND] [INFO] ------------------------------------------------------------------------
[2026-03-06T21:55:30+0530] [BACKEND] [ERROR] [Help 1] http://cwiki.apache.org/confluence/display/MAVEN/MojoExecutionException
[2026-03-06T21:55:30+0530] [BACKEND] [INFO] ------------------------------------------------------------------------
[2026-03-06T21:55:30+0530] [BACKEND] [ERROR] Failed to execute goal org.springframework.boot:spring-boot-maven-plugin:3.3.0:run (default-cli) on project powergrid-forecasting: Process terminated with exit code: 137 -> [Help 1]
[2026-03-06T21:55:30+0530] [BACKEND] [ERROR] Failed to execute goal org.springframework.boot:spring-boot-maven-plugin:3.3.0:run (default-cli) on project powergrid-forecasting: Process terminated with exit code: 137 -> [Help 1]
[2026-03-06T21:55:30+0530] [BACKEND] [INFO] ------------------------------------------------------------------------
[2026-03-06T21:55:30+0530] [BACKEND] [ERROR] Failed to execute goal org.springframework.boot:spring-boot-maven-plugin:3.3.0:run (default-cli) on project powergrid-forecasting: Process terminated with exit code: 137 -> [Help 1]
[2026-03-06T21:55:30+0530] [BACKEND] [INFO] ------------------------------------------------------------------------
[2026-03-06T21:55:30+0530] [BACKEND] [INFO] ------------------------------------------------------------------------
[2026-03-06T21:55:30+0530] [BACKEND] [INFO] ------------------------------------------------------------------------
[2026-03-06T21:55:30+0530] [BACKEND] [ERROR] Failed to execute goal org.springframework.boot:spring-boot-maven-plugin:3.3.0:run (default-cli) on project powergrid-forecasting: Process terminated with exit code: 137 -> [Help 1]
[2026-03-06T21:55:30+0530] [BACKEND] [ERROR] Failed to execute goal org.springframework.boot:spring-boot-maven-plugin:3.3.0:run (default-cli) on project powergrid-forecasting: Process terminated with exit code: 137 -> [Help 1]
[2026-03-06T21:55:30+0530] [BACKEND] [INFO] ------------------------------------------------------------------------
[2026-03-06T21:55:30+0530] [BACKEND] [ERROR] Failed to execute goal org.springframework.boot:spring-boot-maven-plugin:3.3.0:run (default-cli) on project powergrid-forecasting: Process terminated with exit code: 137 -> [Help 1]
[2026-03-06T21:55:30+0530] [BACKEND] [ERROR] Failed to execute goal org.springframework.boot:spring-boot-maven-plugin:3.3.0:run (default-cli) on project powergrid-forecasting: Process terminated with exit code: 137 -> [Help 1]
[2026-03-06T21:55:30+0530] [BACKEND] [INFO] ------------------------------------------------------------------------
[2026-03-06T21:55:30+0530] [BACKEND] [ERROR] Failed to execute goal org.springframework.boot:spring-boot-maven-plugin:3.3.0:run (default-cli) on project powergrid-forecasting: Process terminated with exit code: 137 -> [Help 1]
[2026-03-06T21:55:30+0530] [BACKEND] [ERROR] Failed to execute goal org.springframework.boot:spring-boot-maven-plugin:3.3.0:run (default-cli) on project powergrid-forecasting: Process terminated with exit code: 137 -> [Help 1]
[2026-03-06T21:55:30+0530] [BACKEND] [ERROR] Failed to execute goal org.springframework.boot:spring-boot-maven-plugin:3.3.0:run (default-cli) on project powergrid-forecasting: Process terminated with exit code: 137 -> [Help 1]
[2026-03-06T21:55:30+0530] [BACKEND] [ERROR] Failed to execute goal org.springframework.boot:spring-boot-maven-plugin:3.3.0:run (default-cli) on project powergrid-forecasting: Process terminated with exit code: 137 -> [Help 1]
[2026-03-06T21:55:30+0530] [BACKEND] [ERROR] Failed to execute goal org.springframework.boot:spring-boot-maven-plugin:3.3.0:run (default-cli) on project powergrid-forecasting: Process terminated with exit code: 137 -> [Help 1]
[2026-03-06T21:55:30+0530] [BACKEND] [ERROR] Failed to execute goal org.springframework.boot:spring-boot-maven-plugin:3.3.0:run (default-cli) on project powergrid-forecasting: Process terminated with exit code: 137 -> [Help 1]
[2026-03-06T21:55:30+0530] [BACKEND] [ERROR] 
[2026-03-06T21:55:30+0530] [BACKEND] [ERROR] Failed to execute goal org.springframework.boot:spring-boot-maven-plugin:3.3.0:run (default-cli) on project powergrid-forecasting: Process terminated with exit code: 137 -> [Help 1]
[2026-03-06T21:55:30+0530] [BACKEND] [ERROR] Failed to execute goal org.springframework.boot:spring-boot-maven-plugin:3.3.0:run (default-cli) on project powergrid-forecasting: Process terminated with exit code: 137 -> [Help 1]
[2026-03-06T21:55:30+0530] [BACKEND] [ERROR] 
[2026-03-06T21:55:30+0530] [BACKEND] [ERROR] Failed to execute goal org.springframework.boot:spring-boot-maven-plugin:3.3.0:run (default-cli) on project powergrid-forecasting: Process terminated with exit code: 137 -> [Help 1]
[2026-03-06T21:55:30+0530] [BACKEND] [ERROR] 
[2026-03-06T21:55:30+0530] [BACKEND] [ERROR] 
[2026-03-06T21:55:30+0530] [BACKEND] [ERROR] Failed to execute goal org.springframework.boot:spring-boot-maven-plugin:3.3.0:run (default-cli) on project powergrid-forecasting: Process terminated with exit code: 137 -> [Help 1]
[2026-03-06T21:55:30+0530] [BACKEND] [ERROR] 
[2026-03-06T21:55:30+0530] [BACKEND] [ERROR] 
[2026-03-06T21:55:30+0530] [BACKEND] [ERROR] 
[2026-03-06T21:55:30+0530] [BACKEND] [ERROR] 
[2026-03-06T21:55:30+0530] [BACKEND] [ERROR] 
[2026-03-06T21:55:30+0530] [BACKEND] [ERROR] To see the full stack trace of the errors, re-run Maven with the -e switch.
[2026-03-06T21:55:30+0530] [BACKEND] [ERROR] To see the full stack trace of the errors, re-run Maven with the -e switch.
[2026-03-06T21:55:30+0530] [BACKEND] [ERROR] 
[2026-03-06T21:55:30+0530] [BACKEND] [ERROR] Failed to execute goal org.springframework.boot:spring-boot-maven-plugin:3.3.0:run (default-cli) on project powergrid-forecasting: Process terminated with exit code: 137 -> [Help 1]
[2026-03-06T21:55:30+0530] [BACKEND] [ERROR] 
[2026-03-06T21:55:30+0530] [BACKEND] [ERROR] 
[2026-03-06T21:55:30+0530] [BACKEND] [ERROR] 
[2026-03-06T21:55:30+0530] [BACKEND] [ERROR] To see the full stack trace of the errors, re-run Maven with the -e switch.
[2026-03-06T21:55:30+0530] [BACKEND] [ERROR] 
[2026-03-06T21:55:30+0530] [BACKEND] [ERROR] 
[2026-03-06T21:55:30+0530] [BACKEND] [ERROR] 
[2026-03-06T21:55:30+0530] [BACKEND] [ERROR] To see the full stack trace of the errors, re-run Maven with the -e switch.
[2026-03-06T21:55:30+0530] [BACKEND] [ERROR] 
[2026-03-06T21:55:30+0530] [BACKEND] [ERROR] To see the full stack trace of the errors, re-run Maven with the -e switch.
[2026-03-06T21:55:30+0530] [BACKEND] [ERROR] To see the full stack trace of the errors, re-run Maven with the -e switch.
[2026-03-06T21:55:30+0530] [BACKEND] [ERROR] To see the full stack trace of the errors, re-run Maven with the -e switch.
[2026-03-06T21:55:30+0530] [BACKEND] [ERROR] To see the full stack trace of the errors, re-run Maven with the -e switch.
[2026-03-06T21:55:30+0530] [BACKEND] [ERROR] To see the full stack trace of the errors, re-run Maven with the -e switch.
[2026-03-06T21:55:30+0530] [BACKEND] [ERROR] Re-run Maven using the -X switch to enable full debug logging.
[2026-03-06T21:55:30+0530] [BACKEND] [ERROR] Re-run Maven using the -X switch to enable full debug logging.
[2026-03-06T21:55:30+0530] [BACKEND] [ERROR] Re-run Maven using the -X switch to enable full debug logging.
[2026-03-06T21:55:30+0530] [BACKEND] [ERROR] To see the full stack trace of the errors, re-run Maven with the -e switch.
[2026-03-06T21:55:30+0530] [BACKEND] [ERROR] To see the full stack trace of the errors, re-run Maven with the -e switch.
[2026-03-06T21:55:30+0530] [BACKEND] [ERROR] 
[2026-03-06T21:55:30+0530] [BACKEND] [ERROR] To see the full stack trace of the errors, re-run Maven with the -e switch.
[2026-03-06T21:55:30+0530] [BACKEND] [ERROR] To see the full stack trace of the errors, re-run Maven with the -e switch.
[2026-03-06T21:55:30+0530] [BACKEND] [ERROR] To see the full stack trace of the errors, re-run Maven with the -e switch.
[2026-03-06T21:55:30+0530] [BACKEND] [ERROR] Re-run Maven using the -X switch to enable full debug logging.
[2026-03-06T21:55:30+0530] [BACKEND] [ERROR] Re-run Maven using the -X switch to enable full debug logging.
[2026-03-06T21:55:30+0530] [BACKEND] [ERROR] To see the full stack trace of the errors, re-run Maven with the -e switch.
[2026-03-06T21:55:30+0530] [BACKEND] [ERROR] To see the full stack trace of the errors, re-run Maven with the -e switch.
[2026-03-06T21:55:30+0530] [BACKEND] [ERROR] Re-run Maven using the -X switch to enable full debug logging.
[2026-03-06T21:55:30+0530] [BACKEND] [ERROR] Re-run Maven using the -X switch to enable full debug logging.
[2026-03-06T21:55:30+0530] [BACKEND] [ERROR] Re-run Maven using the -X switch to enable full debug logging.
[2026-03-06T21:55:30+0530] [BACKEND] [ERROR] Re-run Maven using the -X switch to enable full debug logging.
[2026-03-06T21:55:30+0530] [BACKEND] [ERROR] Re-run Maven using the -X switch to enable full debug logging.
[2026-03-06T21:55:30+0530] [BACKEND] [ERROR] 
[2026-03-06T21:55:30+0530] [BACKEND] [ERROR] Re-run Maven using the -X switch to enable full debug logging.
[2026-03-06T21:55:30+0530] [BACKEND] [ERROR] 
[2026-03-06T21:55:30+0530] [BACKEND] [ERROR] 
[2026-03-06T21:55:30+0530] [BACKEND] [ERROR] 
[2026-03-06T21:55:30+0530] [BACKEND] [ERROR] Re-run Maven using the -X switch to enable full debug logging.
[2026-03-06T21:55:30+0530] [BACKEND] [ERROR] To see the full stack trace of the errors, re-run Maven with the -e switch.
[2026-03-06T21:55:30+0530] [BACKEND] [ERROR] Re-run Maven using the -X switch to enable full debug logging.
[2026-03-06T21:55:30+0530] [BACKEND] [ERROR] Re-run Maven using the -X switch to enable full debug logging.
[2026-03-06T21:55:30+0530] [BACKEND] [ERROR] Re-run Maven using the -X switch to enable full debug logging.
[2026-03-06T21:55:30+0530] [BACKEND] [ERROR] To see the full stack trace of the errors, re-run Maven with the -e switch.
[2026-03-06T21:55:30+0530] [BACKEND] [ERROR] Re-run Maven using the -X switch to enable full debug logging.
[2026-03-06T21:55:30+0530] [BACKEND] [ERROR] 
[2026-03-06T21:55:30+0530] [BACKEND] [ERROR] 
[2026-03-06T21:55:30+0530] [BACKEND] [ERROR] 
[2026-03-06T21:55:30+0530] [BACKEND] [ERROR] For more information about the errors and possible solutions, please read the following articles:
[2026-03-06T21:55:30+0530] [BACKEND] [ERROR] For more information about the errors and possible solutions, please read the following articles:
[2026-03-06T21:55:30+0530] [BACKEND] [ERROR] For more information about the errors and possible solutions, please read the following articles:
[2026-03-06T21:55:30+0530] [BACKEND] [ERROR] 
[2026-03-06T21:55:30+0530] [BACKEND] [ERROR] 
[2026-03-06T21:55:30+0530] [BACKEND] [ERROR] 
[2026-03-06T21:55:30+0530] [BACKEND] [ERROR] 
[2026-03-06T21:55:30+0530] [BACKEND] [ERROR] 
[2026-03-06T21:55:30+0530] [BACKEND] [ERROR] Re-run Maven using the -X switch to enable full debug logging.
[2026-03-06T21:55:30+0530] [BACKEND] [ERROR] 
[2026-03-06T21:55:30+0530] [BACKEND] [ERROR] 
[2026-03-06T21:55:30+0530] [BACKEND] [ERROR] For more information about the errors and possible solutions, please read the following articles:
[2026-03-06T21:55:30+0530] [BACKEND] [ERROR] 
[2026-03-06T21:55:30+0530] [BACKEND] [ERROR] For more information about the errors and possible solutions, please read the following articles:
[2026-03-06T21:55:30+0530] [BACKEND] [ERROR] Re-run Maven using the -X switch to enable full debug logging.
[2026-03-06T21:55:30+0530] [BACKEND] [ERROR] [Help 1] http://cwiki.apache.org/confluence/display/MAVEN/MojoExecutionException
[2026-03-06T21:55:30+0530] [BACKEND] [ERROR] 
[2026-03-06T21:55:30+0530] [BACKEND] [ERROR] [Help 1] http://cwiki.apache.org/confluence/display/MAVEN/MojoExecutionException
[2026-03-06T21:55:30+0530] [BACKEND] [ERROR] For more information about the errors and possible solutions, please read the following articles:
[2026-03-06T21:55:30+0530] [BACKEND] [ERROR] For more information about the errors and possible solutions, please read the following articles:
[2026-03-06T21:55:30+0530] [BACKEND] [ERROR] For more information about the errors and possible solutions, please read the following articles:
[2026-03-06T21:55:30+0530] [BACKEND] [ERROR] For more information about the errors and possible solutions, please read the following articles:
[2026-03-06T21:55:30+0530] [BACKEND] [ERROR] For more information about the errors and possible solutions, please read the following articles:
[2026-03-06T21:55:30+0530] [BACKEND] [ERROR] [Help 1] http://cwiki.apache.org/confluence/display/MAVEN/MojoExecutionException
[2026-03-06T21:55:30+0530] [BACKEND] [ERROR] For more information about the errors and possible solutions, please read the following articles:
[2026-03-06T21:55:30+0530] [BACKEND] [ERROR] For more information about the errors and possible solutions, please read the following articles:
[2026-03-06T21:55:30+0530] [BACKEND] [ERROR] [Help 1] http://cwiki.apache.org/confluence/display/MAVEN/MojoExecutionException
[2026-03-06T21:55:30+0530] [BACKEND] [ERROR] For more information about the errors and possible solutions, please read the following articles:
[2026-03-06T21:55:30+0530] [BACKEND] [ERROR] 
[2026-03-06T21:55:30+0530] [BACKEND] [ERROR] For more information about the errors and possible solutions, please read the following articles:
[2026-03-06T21:55:30+0530] [BACKEND] [ERROR] For more information about the errors and possible solutions, please read the following articles:
[2026-03-06T21:55:30+0530] [BACKEND] [ERROR] [Help 1] http://cwiki.apache.org/confluence/display/MAVEN/MojoExecutionException
[2026-03-06T21:55:30+0530] [BACKEND] [ERROR] [Help 1] http://cwiki.apache.org/confluence/display/MAVEN/MojoExecutionException
[2026-03-06T21:55:30+0530] [BACKEND] [ERROR] For more information about the errors and possible solutions, please read the following articles:
[2026-03-06T21:55:30+0530] [BACKEND] [ERROR] 
[2026-03-06T21:55:30+0530] [BACKEND] [ERROR] [Help 1] http://cwiki.apache.org/confluence/display/MAVEN/MojoExecutionException
[2026-03-06T21:55:30+0530] [BACKEND] [ERROR] [Help 1] http://cwiki.apache.org/confluence/display/MAVEN/MojoExecutionException
[2026-03-06T21:55:30+0530] [BACKEND] [ERROR] [Help 1] http://cwiki.apache.org/confluence/display/MAVEN/MojoExecutionException
[2026-03-06T21:55:30+0530] [BACKEND] [ERROR] [Help 1] http://cwiki.apache.org/confluence/display/MAVEN/MojoExecutionException
[2026-03-06T21:55:30+0530] [BACKEND] [ERROR] For more information about the errors and possible solutions, please read the following articles:
[2026-03-06T21:55:30+0530] [BACKEND] [ERROR] [Help 1] http://cwiki.apache.org/confluence/display/MAVEN/MojoExecutionException
[2026-03-06T21:55:30+0530] [BACKEND] [ERROR] [Help 1] http://cwiki.apache.org/confluence/display/MAVEN/MojoExecutionException
[2026-03-06T21:55:30+0530] [BACKEND] [ERROR] [Help 1] http://cwiki.apache.org/confluence/display/MAVEN/MojoExecutionException
[2026-03-06T21:55:30+0530] [BACKEND] [ERROR] [Help 1] http://cwiki.apache.org/confluence/display/MAVEN/MojoExecutionException
[2026-03-06T21:55:30+0530] [BACKEND] [ERROR] For more information about the errors and possible solutions, please read the following articles:
[2026-03-06T21:55:30+0530] [BACKEND] [ERROR] [Help 1] http://cwiki.apache.org/confluence/display/MAVEN/MojoExecutionException
[2026-03-06T21:55:30+0530] [BACKEND] [ERROR] [Help 1] http://cwiki.apache.org/confluence/display/MAVEN/MojoExecutionException
[2026-03-06T21:55:30+0530] [BACKEND] [ERROR] [Help 1] http://cwiki.apache.org/confluence/display/MAVEN/MojoExecutionException
[2026-03-06T21:55:30+0530] [BACKEND] [ERROR] [Help 1] http://cwiki.apache.org/confluence/display/MAVEN/MojoExecutionException
